#-----------------------------------------------------------
# Vivado v2019.2 (64-bit)
# SW Build 2708876 on Wed Nov  6 21:40:23 MST 2019
# IP Build 2700528 on Thu Nov  7 00:09:20 MST 2019
# Start of session at: Sun May  5 12:17:02 2024
# Process ID: 8020
# Current directory: D:/Desktop/Estimating-battery-SOC-using-neural-network-main/FPGA/LSTM
# Command line: vivado.exe -gui_launcher_event rodinguilauncherevent4768 D:\Desktop\Estimating-battery-SOC-using-neural-network-main\FPGA\LSTM\LSTM.xpr
# Log file: D:/Desktop/Estimating-battery-SOC-using-neural-network-main/FPGA/LSTM/vivado.log
# Journal file: D:/Desktop/Estimating-battery-SOC-using-neural-network-main/FPGA/LSTM\vivado.jou
#-----------------------------------------------------------
start_gui
open_project D:/Desktop/Estimating-battery-SOC-using-neural-network-main/FPGA/LSTM/LSTM.xpr
update_compile_order -fileset sources_1
# Disabling source management mode.  This is to allow the top design properties to be set without GUI intervention.
set_property source_mgmt_mode None [current_project]
set_property top vector_dot_product_tb [get_filesets sim_1]
set_property top_lib xil_defaultlib [get_filesets sim_1]
# Re-enabling previously disabled source management mode.
set_property source_mgmt_mode All [current_project]
update_compile_order -fileset sim_1
launch_simulation
open_wave_config D:/Desktop/Estimating-battery-SOC-using-neural-network-main/FPGA/LSTM/matrix_vector_multiplication_tb_behav.wcfg
source vector_dot_product_tb.tcl
relaunch_sim
close_sim
launch_simulation
open_wave_config D:/Desktop/Estimating-battery-SOC-using-neural-network-main/FPGA/LSTM/matrix_vector_multiplication_tb_behav.wcfg
source vector_dot_product_tb.tcl
relaunch_sim
close_sim
launch_simulation
open_wave_config D:/Desktop/Estimating-battery-SOC-using-neural-network-main/FPGA/LSTM/matrix_vector_multiplication_tb_behav.wcfg
source vector_dot_product_tb.tcl
close_sim
launch_simulation
open_wave_config D:/Desktop/Estimating-battery-SOC-using-neural-network-main/FPGA/LSTM/matrix_vector_multiplication_tb_behav.wcfg
source vector_dot_product_tb.tcl
relaunch_sim
run all
relaunch_sim
relaunch_sim
close_sim
launch_simulation
open_wave_config D:/Desktop/Estimating-battery-SOC-using-neural-network-main/FPGA/LSTM/matrix_vector_multiplication_tb_behav.wcfg
source vector_dot_product_tb.tcl
run all
relaunch_sim
run all
close_sim
launch_simulation
open_wave_config D:/Desktop/Estimating-battery-SOC-using-neural-network-main/FPGA/LSTM/matrix_vector_multiplication_tb_behav.wcfg
source vector_dot_product_tb.tcl
relaunch_sim
relaunch_sim
run all
current_wave_config {Untitled 5}
add_wave {{/vector_dot_product_tb/uut/products}} 
current_wave_config {Untitled 5}
add_wave {{/vector_dot_product_tb/uut/index}} 
current_wave_config {Untitled 5}
add_wave {{/vector_dot_product_tb/uut/state}} 
relaunch_sim
close_sim
launch_simulation
source vector_dot_product_tb.tcl
run all
close_sim
